// Jest Snapshot v1, https://goo.gl/fbAQLP

exports[`should render Dashboard with expenses 1`] = `
<div>
  <div>
    Dashboard
  </div>
  <Component
    expenses={
      Array [
        Object {
          "amount": 123,
          "createdAt": 1000,
          "description": "desc1",
        },
        Object {
          "amount": 100,
          "createdAt": 2000,
          "description": "desc2",
        },
      ]
    }
  />
  <Connect(ExpenseListFilters) />
  <div>
    <Component
      amount={123}
      createdAt={1000}
      description="desc1"
      key="0"
    >
      desc1
    </Component>
    <Component
      amount={100}
      createdAt={2000}
      description="desc2"
      key="1"
    >
      desc2
    </Component>
  </div>
</div>
`;
