// Jest Snapshot v1, https://goo.gl/fbAQLP

exports[`should render expense item 1`] = `
<Link
  className="list-item"
  replace={false}
  to="/edit/123"
>
  <div>
    <h3
      className="list-item__title"
    >
      Desc
    </h3>
    <span
      className="list-item__subtitle"
    >
      January 1st 70
    </span>
  </div>
  <h3
    className="list-item__data"
  >
    $456
  </h3>
</Link>
`;
